// Jest Snapshot v1, https://goo.gl/fbAQLP

exports[`<Footer /> renders correctly 1`] = `
<footer
  className="appFooter"
>
  <p>
    ohhhh My First Footer
  </p>
</footer>
`;
